// Jest Snapshot v1, https://goo.gl/fbAQLP

exports[`App matches the snapshot 1`] = `
<DocumentFragment>
  <div
    class="App"
  >
    <header
      class="App-header"
    >
      <h1>
        Stir Cray? Video Call with Half Decent People
      </h1>
      <a
        href="https://github.com/AngularBuddies/Zrtc"
      >
        Check out the source on Github.
      </a>
      <div
        class="buttons"
      >
        <button>
          SendOffer
        </button>
        <button>
          GetOffer
        </button>
      </div>
    </header>
  </div>
</DocumentFragment>
`;
